{
  "version": "1.5.0",
  "plugins_used": [
    {
      "name": "ArtifactoryDetector"
    },
    {
      "name": "AWSKeyDetector"
    },
    {
      "name": "AzureStorageKeyDetector"
    },
    {
      "name": "Base64HighEntropyString",
      "limit": 4.5
    },
    {
      "name": "BasicAuthDetector"
    },
    {
      "name": "CloudantDetector"
    },
    {
      "name": "DiscordBotTokenDetector"
    },
    {
      "name": "GitHubTokenDetector"
    },
    {
      "name": "GitLabTokenDetector"
    },
    {
      "name": "HexHighEntropyString",
      "limit": 3.0
    },
    {
      "name": "IbmCloudIamDetector"
    },
    {
      "name": "IbmCosHmacDetector"
    },
    {
      "name": "IPPublicDetector"
    },
    {
      "name": "JwtTokenDetector"
    },
    {
      "name": "KeywordDetector",
      "keyword_exclude": ""
    },
    {
      "name": "MailchimpDetector"
    },
    {
      "name": "NpmDetector"
    },
    {
      "name": "OpenAIDetector"
    },
    {
      "name": "PrivateKeyDetector"
    },
    {
      "name": "PypiTokenDetector"
    },
    {
      "name": "SendGridDetector"
    },
    {
      "name": "SlackDetector"
    },
    {
      "name": "SoftlayerDetector"
    },
    {
      "name": "SquareOAuthDetector"
    },
    {
      "name": "StripeDetector"
    },
    {
      "name": "TelegramBotTokenDetector"
    },
    {
      "name": "TwilioKeyDetector"
    }
  ],
  "filters_used": [
    {
      "path": "detect_secrets.filters.allowlist.is_line_allowlisted"
    },
    {
      "path": "detect_secrets.filters.common.is_baseline_file",
      "filename": ".secrets.baseline"
    },
    {
      "path": "detect_secrets.filters.common.is_ignored_due_to_verification_policies",
      "min_level": 2
    },
    {
      "path": "detect_secrets.filters.heuristic.is_indirect_reference"
    },
    {
      "path": "detect_secrets.filters.heuristic.is_likely_id_string"
    },
    {
      "path": "detect_secrets.filters.heuristic.is_lock_file"
    },
    {
      "path": "detect_secrets.filters.heuristic.is_not_alphanumeric_string"
    },
    {
      "path": "detect_secrets.filters.heuristic.is_potential_uuid"
    },
    {
      "path": "detect_secrets.filters.heuristic.is_prefixed_with_dollar_sign"
    },
    {
      "path": "detect_secrets.filters.heuristic.is_sequential_string"
    },
    {
      "path": "detect_secrets.filters.heuristic.is_swagger_file"
    },
    {
      "path": "detect_secrets.filters.heuristic.is_templated_secret"
    },
    {
      "path": "detect_secrets.filters.regex.should_exclude_file",
      "pattern": [
        ".venv*",
        "uv.lock"
      ]
    }
  ],
  "results": {
    ".prompt_injections.baseline": [
      {
        "type": "Hex High Entropy String",
        "filename": ".prompt_injections.baseline",
        "hashed_secret": "f87de1754fcc83c2982cdf7c94c1523a038f941e",
        "is_verified": false,
        "line_number": 3
      },
      {
        "type": "Hex High Entropy String",
        "filename": ".prompt_injections.baseline",
        "hashed_secret": "0b34645edf0b87d1442c803eedce6aae31ead802",
        "is_verified": false,
        "line_number": 7
      },
      {
        "type": "Hex High Entropy String",
        "filename": ".prompt_injections.baseline",
        "hashed_secret": "0bf4a8e87617416cf35cb126ca0fc10b03f23378",
        "is_verified": false,
        "line_number": 11
      },
      {
        "type": "Hex High Entropy String",
        "filename": ".prompt_injections.baseline",
        "hashed_secret": "bb8ac0897ca4fcb44046eeda22e8809a23360c11",
        "is_verified": false,
        "line_number": 15
      },
      {
        "type": "Hex High Entropy String",
        "filename": ".prompt_injections.baseline",
        "hashed_secret": "be33a6c8687aa92371aaaff3e450ee0cbb91278f",
        "is_verified": false,
        "line_number": 19
      },
      {
        "type": "Hex High Entropy String",
        "filename": ".prompt_injections.baseline",
        "hashed_secret": "2a5a6120d096129ac3182a4d52ff2239ffa2c17b",
        "is_verified": false,
        "line_number": 25
      },
      {
        "type": "Hex High Entropy String",
        "filename": ".prompt_injections.baseline",
        "hashed_secret": "12127b470e76709621ff5f6e4aacf2dce8b77fcd",
        "is_verified": false,
        "line_number": 31
      },
      {
        "type": "Hex High Entropy String",
        "filename": ".prompt_injections.baseline",
        "hashed_secret": "4e54f75f2da9a6e7949c5f4a98e813957ee59a3f",
        "is_verified": false,
        "line_number": 35
      },
      {
        "type": "Hex High Entropy String",
        "filename": ".prompt_injections.baseline",
        "hashed_secret": "aa62ea89eefef04e7cf298b8c84794cd2b40bac3",
        "is_verified": false,
        "line_number": 39
      },
      {
        "type": "Hex High Entropy String",
        "filename": ".prompt_injections.baseline",
        "hashed_secret": "1bd7f248ad309d2bbdcaac6dfd4f0c9e2f9fc075",
        "is_verified": false,
        "line_number": 45
      },
      {
        "type": "Hex High Entropy String",
        "filename": ".prompt_injections.baseline",
        "hashed_secret": "6be546bdc900c7920a2c19b451106020896e6bb8",
        "is_verified": false,
        "line_number": 51
      },
      {
        "type": "Hex High Entropy String",
        "filename": ".prompt_injections.baseline",
        "hashed_secret": "71cb124fc49e944bc3c039fcfd0a286e054bebf4",
        "is_verified": false,
        "line_number": 57
      },
      {
        "type": "Hex High Entropy String",
        "filename": ".prompt_injections.baseline",
        "hashed_secret": "86fc4d9fbc0db7d7b105db346c3de762f918a23f",
        "is_verified": false,
        "line_number": 63
      },
      {
        "type": "Hex High Entropy String",
        "filename": ".prompt_injections.baseline",
        "hashed_secret": "0096f4198dcafe483baaa48aefaa02e2a1a72ac4",
        "is_verified": false,
        "line_number": 67
      },
      {
        "type": "Hex High Entropy String",
        "filename": ".prompt_injections.baseline",
        "hashed_secret": "c04b2db2570691050d0f9a326ce0f2ffe80d9c08",
        "is_verified": false,
        "line_number": 73
      },
      {
        "type": "Hex High Entropy String",
        "filename": ".prompt_injections.baseline",
        "hashed_secret": "08a85a07cca72464115cc180ac7ff67147c3d360",
        "is_verified": false,
        "line_number": 77
      },
      {
        "type": "Hex High Entropy String",
        "filename": ".prompt_injections.baseline",
        "hashed_secret": "b5325c56e6754da3a6fb80fd60aea2445afdfde7",
        "is_verified": false,
        "line_number": 81
      },
      {
        "type": "Hex High Entropy String",
        "filename": ".prompt_injections.baseline",
        "hashed_secret": "6b11b20784757fdbf91922ebd9829ecb5c39c258",
        "is_verified": false,
        "line_number": 85
      },
      {
        "type": "Hex High Entropy String",
        "filename": ".prompt_injections.baseline",
        "hashed_secret": "579d8975c4741c2e6c0af32f15b4f0dfb09b65cf",
        "is_verified": false,
        "line_number": 89
      },
      {
        "type": "Hex High Entropy String",
        "filename": ".prompt_injections.baseline",
        "hashed_secret": "997c9639a357aa8d86f6cc182c0d5e1f833c58e0",
        "is_verified": false,
        "line_number": 93
      },
      {
        "type": "Hex High Entropy String",
        "filename": ".prompt_injections.baseline",
        "hashed_secret": "702475e99b92a3a734fe9ac0017f3d3ea092eb2a",
        "is_verified": false,
        "line_number": 97
      },
      {
        "type": "Hex High Entropy String",
        "filename": ".prompt_injections.baseline",
        "hashed_secret": "4b870be1193b0208cad077ec313d7afc2415350f",
        "is_verified": false,
        "line_number": 101
      },
      {
        "type": "Hex High Entropy String",
        "filename": ".prompt_injections.baseline",
        "hashed_secret": "ab660303ee14b61b05d5d597ac952397a5235296",
        "is_verified": false,
        "line_number": 107
      },
      {
        "type": "Hex High Entropy String",
        "filename": ".prompt_injections.baseline",
        "hashed_secret": "c57f5aff8e9fce4098bc40ec13bd152d06f3a9bd",
        "is_verified": false,
        "line_number": 113
      },
      {
        "type": "Hex High Entropy String",
        "filename": ".prompt_injections.baseline",
        "hashed_secret": "b578d14fd6d5aec5a1c01e49eaec0a94dd950f17",
        "is_verified": false,
        "line_number": 117
      },
      {
        "type": "Hex High Entropy String",
        "filename": ".prompt_injections.baseline",
        "hashed_secret": "9544a5d1491efc460c30b595347e4d1b1c5fdb1a",
        "is_verified": false,
        "line_number": 121
      },
      {
        "type": "Hex High Entropy String",
        "filename": ".prompt_injections.baseline",
        "hashed_secret": "dbdcb178f6e54c53d64c5d5c992614cbcd3955ac",
        "is_verified": false,
        "line_number": 127
      },
      {
        "type": "Hex High Entropy String",
        "filename": ".prompt_injections.baseline",
        "hashed_secret": "97fcdb9046cfada07634454916fd29bc64644f3c",
        "is_verified": false,
        "line_number": 133
      },
      {
        "type": "Hex High Entropy String",
        "filename": ".prompt_injections.baseline",
        "hashed_secret": "c5358520f7781ba6325f06316d17cd0845e9a0eb",
        "is_verified": false,
        "line_number": 139
      },
      {
        "type": "Hex High Entropy String",
        "filename": ".prompt_injections.baseline",
        "hashed_secret": "47da8da3a6da62fac1d4348ed7fe0d113632bf59",
        "is_verified": false,
        "line_number": 145
      },
      {
        "type": "Hex High Entropy String",
        "filename": ".prompt_injections.baseline",
        "hashed_secret": "62f1e74314a33ef4cd4ce3ecb1b8714caa5554b4",
        "is_verified": false,
        "line_number": 149
      },
      {
        "type": "Hex High Entropy String",
        "filename": ".prompt_injections.baseline",
        "hashed_secret": "d4c1d8ab34eac0863804cf9b2f973d3afa563f92",
        "is_verified": false,
        "line_number": 153
      },
      {
        "type": "Hex High Entropy String",
        "filename": ".prompt_injections.baseline",
        "hashed_secret": "1de0468b7e1893415a71b13819fb931e49f462be",
        "is_verified": false,
        "line_number": 159
      },
      {
        "type": "Hex High Entropy String",
        "filename": ".prompt_injections.baseline",
        "hashed_secret": "e216b78225899c89730eae155064d00d3f50aa8f",
        "is_verified": false,
        "line_number": 165
      },
      {
        "type": "Hex High Entropy String",
        "filename": ".prompt_injections.baseline",
        "hashed_secret": "dd7317846ec1db5507cecc1212edace06835a5d2",
        "is_verified": false,
        "line_number": 169
      },
      {
        "type": "Hex High Entropy String",
        "filename": ".prompt_injections.baseline",
        "hashed_secret": "bef53a2414dc38dd6bcb618b6312109fdf2f31de",
        "is_verified": false,
        "line_number": 175
      },
      {
        "type": "Hex High Entropy String",
        "filename": ".prompt_injections.baseline",
        "hashed_secret": "0d26f2361f48c3ef3d5b6c3b4b795accda7c3abd",
        "is_verified": false,
        "line_number": 181
      }
    ],
    "deploy\\Validation-Helpers.psm1": [
      {
        "type": "Base64 High Entropy String",
        "filename": "deploy\\Validation-Helpers.psm1",
        "hashed_secret": "b173ce3ab26e49197a0a2c968ae03937ead2c080",
        "is_verified": false,
        "line_number": 129
      }
    ],
    "reference\\Enriched Citations.txt": [
      {
        "type": "Hex High Entropy String",
        "filename": "reference\\Enriched Citations.txt",
        "hashed_secret": "f01377c4f56fd449266523b8029eca7aa9b37a00",
        "is_verified": false,
        "line_number": 85
      },
      {
        "type": "Hex High Entropy String",
        "filename": "reference\\Enriched Citations.txt",
        "hashed_secret": "0884dad0e08814635cb7f55ec836ba930a025bd1",
        "is_verified": false,
        "line_number": 111
      },
      {
        "type": "Hex High Entropy String",
        "filename": "reference\\Enriched Citations.txt",
        "hashed_secret": "c13b11de6d965e5a1f604f9020967c092b04eae7",
        "is_verified": false,
        "line_number": 135
      }
    ],
    "tests\\test_oa_citations_client.py": [
      {
        "type": "Secret Keyword",
        "filename": "tests\\test_oa_citations_client.py",
        "hashed_secret": "53b1c55f754fcda5180773374ee2a35baf62bfff",
        "is_verified": false,
        "line_number": 62
      }
    ]
  },
  "generated_at": "2026-03-28T17:52:47Z"
}
