{
  "version": "1.5.0",
  "plugins_used": [
    {
      "name": "ArtifactoryDetector"
    },
    {
      "name": "AWSKeyDetector"
    },
    {
      "name": "AzureStorageKeyDetector"
    },
    {
      "name": "Base64HighEntropyString",
      "limit": 4.5
    },
    {
      "name": "BasicAuthDetector"
    },
    {
      "name": "CloudantDetector"
    },
    {
      "name": "DiscordBotTokenDetector"
    },
    {
      "name": "GitHubTokenDetector"
    },
    {
      "name": "GitLabTokenDetector"
    },
    {
      "name": "HexHighEntropyString",
      "limit": 3.0
    },
    {
      "name": "IbmCloudIamDetector"
    },
    {
      "name": "IbmCosHmacDetector"
    },
    {
      "name": "IPPublicDetector"
    },
    {
      "name": "JwtTokenDetector"
    },
    {
      "name": "KeywordDetector",
      "keyword_exclude": ""
    },
    {
      "name": "MailchimpDetector"
    },
    {
      "name": "NpmDetector"
    },
    {
      "name": "OpenAIDetector"
    },
    {
      "name": "PrivateKeyDetector"
    },
    {
      "name": "PypiTokenDetector"
    },
    {
      "name": "SendGridDetector"
    },
    {
      "name": "SlackDetector"
    },
    {
      "name": "SoftlayerDetector"
    },
    {
      "name": "SquareOAuthDetector"
    },
    {
      "name": "StripeDetector"
    },
    {
      "name": "TelegramBotTokenDetector"
    },
    {
      "name": "TwilioKeyDetector"
    }
  ],
  "filters_used": [
    {
      "path": "detect_secrets.filters.allowlist.is_line_allowlisted"
    },
    {
      "path": "detect_secrets.filters.common.is_baseline_file",
      "filename": ".secrets.baseline"
    },
    {
      "path": "detect_secrets.filters.common.is_ignored_due_to_verification_policies",
      "min_level": 2
    },
    {
      "path": "detect_secrets.filters.heuristic.is_indirect_reference"
    },
    {
      "path": "detect_secrets.filters.heuristic.is_likely_id_string"
    },
    {
      "path": "detect_secrets.filters.heuristic.is_lock_file"
    },
    {
      "path": "detect_secrets.filters.heuristic.is_not_alphanumeric_string"
    },
    {
      "path": "detect_secrets.filters.heuristic.is_potential_uuid"
    },
    {
      "path": "detect_secrets.filters.heuristic.is_prefixed_with_dollar_sign"
    },
    {
      "path": "detect_secrets.filters.heuristic.is_sequential_string"
    },
    {
      "path": "detect_secrets.filters.heuristic.is_swagger_file"
    },
    {
      "path": "detect_secrets.filters.heuristic.is_templated_secret"
    },
    {
      "path": "detect_secrets.filters.regex.should_exclude_file",
      "pattern": [
        ".venv*",
        "uv.lock"
      ]
    }
  ],
  "results": {
    ".prompt_injections.baseline": [
      {
        "type": "Hex High Entropy String",
        "filename": ".prompt_injections.baseline",
        "hashed_secret": "89e65d6cbf37774ab1b4253fab127902f37509d2",
        "is_verified": false,
        "line_number": 3
      },
      {
        "type": "Hex High Entropy String",
        "filename": ".prompt_injections.baseline",
        "hashed_secret": "59e7c6671355bad77c75b618cbbee8cb32d1e2bb",
        "is_verified": false,
        "line_number": 7
      },
      {
        "type": "Hex High Entropy String",
        "filename": ".prompt_injections.baseline",
        "hashed_secret": "c80a7563714a50a24775bdd77141e2d10b1d979c",
        "is_verified": false,
        "line_number": 11
      },
      {
        "type": "Hex High Entropy String",
        "filename": ".prompt_injections.baseline",
        "hashed_secret": "2a7c875c8861fd89dec42a7012cd74e5484d9d7d",
        "is_verified": false,
        "line_number": 15
      },
      {
        "type": "Hex High Entropy String",
        "filename": ".prompt_injections.baseline",
        "hashed_secret": "81e8a2f12e35e75ae473a6304d89864fe0d9950e",
        "is_verified": false,
        "line_number": 19
      },
      {
        "type": "Hex High Entropy String",
        "filename": ".prompt_injections.baseline",
        "hashed_secret": "ba8385f80d87cb2c4c37e52b2e0973c860344790",
        "is_verified": false,
        "line_number": 25
      },
      {
        "type": "Hex High Entropy String",
        "filename": ".prompt_injections.baseline",
        "hashed_secret": "9d7e5d60410f453b4e6f24c27ab5f6aff5f0b579",
        "is_verified": false,
        "line_number": 31
      },
      {
        "type": "Hex High Entropy String",
        "filename": ".prompt_injections.baseline",
        "hashed_secret": "983b0693a606c572d1d177e611577540dc1e1d02",
        "is_verified": false,
        "line_number": 37
      },
      {
        "type": "Hex High Entropy String",
        "filename": ".prompt_injections.baseline",
        "hashed_secret": "5b4f9c6c383a5a9e189b98e897f7e2677f32cf0f",
        "is_verified": false,
        "line_number": 43
      },
      {
        "type": "Hex High Entropy String",
        "filename": ".prompt_injections.baseline",
        "hashed_secret": "b2f1223329cfa69d03007f6d3bd768e33982edab",
        "is_verified": false,
        "line_number": 49
      },
      {
        "type": "Hex High Entropy String",
        "filename": ".prompt_injections.baseline",
        "hashed_secret": "a116eedb5e08858a91ccdb4227336581e8263682",
        "is_verified": false,
        "line_number": 53
      },
      {
        "type": "Hex High Entropy String",
        "filename": ".prompt_injections.baseline",
        "hashed_secret": "de70ce44d56a04c365299ab38b88979375d2e456",
        "is_verified": false,
        "line_number": 57
      },
      {
        "type": "Hex High Entropy String",
        "filename": ".prompt_injections.baseline",
        "hashed_secret": "3d223278dd709930f8dafb7c70ed5ddd5e74b4ab",
        "is_verified": false,
        "line_number": 61
      },
      {
        "type": "Hex High Entropy String",
        "filename": ".prompt_injections.baseline",
        "hashed_secret": "a292a79437260025421cb28acf709f4a1f38e11f",
        "is_verified": false,
        "line_number": 65
      },
      {
        "type": "Hex High Entropy String",
        "filename": ".prompt_injections.baseline",
        "hashed_secret": "7352b52539dc9ac7f41bf6b3331218b89b908805",
        "is_verified": false,
        "line_number": 69
      },
      {
        "type": "Hex High Entropy String",
        "filename": ".prompt_injections.baseline",
        "hashed_secret": "81b6c6388b249b63e48c362b6a0bd4fffc47e3b6",
        "is_verified": false,
        "line_number": 73
      },
      {
        "type": "Hex High Entropy String",
        "filename": ".prompt_injections.baseline",
        "hashed_secret": "6b1c8bf655d1b23df2499a40637ebf7581a54200",
        "is_verified": false,
        "line_number": 77
      },
      {
        "type": "Hex High Entropy String",
        "filename": ".prompt_injections.baseline",
        "hashed_secret": "1a42559d647eb0e39662e13e36c55d299ef9c2fd",
        "is_verified": false,
        "line_number": 83
      },
      {
        "type": "Hex High Entropy String",
        "filename": ".prompt_injections.baseline",
        "hashed_secret": "0a6873d63e1c970b5d960ec367d9df3511e8cddb",
        "is_verified": false,
        "line_number": 89
      },
      {
        "type": "Hex High Entropy String",
        "filename": ".prompt_injections.baseline",
        "hashed_secret": "f91730527315aea778bd65653203db5a1f8f5376",
        "is_verified": false,
        "line_number": 93
      },
      {
        "type": "Hex High Entropy String",
        "filename": ".prompt_injections.baseline",
        "hashed_secret": "032d2a24c823cdfa993bbca82ce30d96e7bc00b3",
        "is_verified": false,
        "line_number": 97
      },
      {
        "type": "Hex High Entropy String",
        "filename": ".prompt_injections.baseline",
        "hashed_secret": "e14e76515ed67e8bd7307eddcfabc61c5cc51d63",
        "is_verified": false,
        "line_number": 103
      },
      {
        "type": "Hex High Entropy String",
        "filename": ".prompt_injections.baseline",
        "hashed_secret": "72c0ac5497b3b9b7c9cc729c2a90a08c23c1a1e3",
        "is_verified": false,
        "line_number": 109
      },
      {
        "type": "Hex High Entropy String",
        "filename": ".prompt_injections.baseline",
        "hashed_secret": "3dca2b30ab19feceddc75a88fdb8a4de37c477de",
        "is_verified": false,
        "line_number": 115
      },
      {
        "type": "Hex High Entropy String",
        "filename": ".prompt_injections.baseline",
        "hashed_secret": "388650ccdc6e3e0e12cd9288344a65ac4439d379",
        "is_verified": false,
        "line_number": 121
      },
      {
        "type": "Hex High Entropy String",
        "filename": ".prompt_injections.baseline",
        "hashed_secret": "f3b7a77104e6d9f570749c58baa9a71a7af0f516",
        "is_verified": false,
        "line_number": 125
      },
      {
        "type": "Hex High Entropy String",
        "filename": ".prompt_injections.baseline",
        "hashed_secret": "e333c3cc9112515ddd70e5768afce960167d6fb4",
        "is_verified": false,
        "line_number": 131
      },
      {
        "type": "Hex High Entropy String",
        "filename": ".prompt_injections.baseline",
        "hashed_secret": "9f0d9eafcc7c81d494d8a10217b49e9d9b759986",
        "is_verified": false,
        "line_number": 137
      },
      {
        "type": "Hex High Entropy String",
        "filename": ".prompt_injections.baseline",
        "hashed_secret": "0b57a72d84037a1ee98253827cb13e23b1930efc",
        "is_verified": false,
        "line_number": 141
      },
      {
        "type": "Hex High Entropy String",
        "filename": ".prompt_injections.baseline",
        "hashed_secret": "8b777e36ed90489d20f0a669de75ad2d6213609c",
        "is_verified": false,
        "line_number": 145
      },
      {
        "type": "Hex High Entropy String",
        "filename": ".prompt_injections.baseline",
        "hashed_secret": "b1c4d711592b93bfd9640261326e063a61b60f82",
        "is_verified": false,
        "line_number": 151
      },
      {
        "type": "Hex High Entropy String",
        "filename": ".prompt_injections.baseline",
        "hashed_secret": "e51018fa6e6c97bd5cd21e862cd6f51e330fb0d9",
        "is_verified": false,
        "line_number": 155
      },
      {
        "type": "Hex High Entropy String",
        "filename": ".prompt_injections.baseline",
        "hashed_secret": "6635e13f191961aecc1e20f88aab33ccc438b30f",
        "is_verified": false,
        "line_number": 159
      },
      {
        "type": "Hex High Entropy String",
        "filename": ".prompt_injections.baseline",
        "hashed_secret": "a6eb5fc24b7b5b65bad5d6cc99c3ad10c8092002",
        "is_verified": false,
        "line_number": 163
      },
      {
        "type": "Hex High Entropy String",
        "filename": ".prompt_injections.baseline",
        "hashed_secret": "72ad9f9227223e89b71628d1cee5b4a3a36a4154",
        "is_verified": false,
        "line_number": 167
      },
      {
        "type": "Hex High Entropy String",
        "filename": ".prompt_injections.baseline",
        "hashed_secret": "314b4b91bbb1524f559e378c57717e2e623621c9",
        "is_verified": false,
        "line_number": 171
      },
      {
        "type": "Hex High Entropy String",
        "filename": ".prompt_injections.baseline",
        "hashed_secret": "77c9cb852c70e728b93164edd7b6357f2bd4c6d4",
        "is_verified": false,
        "line_number": 175
      },
      {
        "type": "Hex High Entropy String",
        "filename": ".prompt_injections.baseline",
        "hashed_secret": "bdf776e0f1f1abfeaa50e5f1f27b50bfab1dd251",
        "is_verified": false,
        "line_number": 179
      },
      {
        "type": "Hex High Entropy String",
        "filename": ".prompt_injections.baseline",
        "hashed_secret": "b6d327d9d5eb80cd5d65070ad5c75d732019a21d",
        "is_verified": false,
        "line_number": 183
      },
      {
        "type": "Hex High Entropy String",
        "filename": ".prompt_injections.baseline",
        "hashed_secret": "d25c0c8873514df0e4292904185d2952aa9b0f8f",
        "is_verified": false,
        "line_number": 187
      },
      {
        "type": "Hex High Entropy String",
        "filename": ".prompt_injections.baseline",
        "hashed_secret": "cb735f49f41bdbd12589c663e232ad5fb3e72e8a",
        "is_verified": false,
        "line_number": 191
      },
      {
        "type": "Hex High Entropy String",
        "filename": ".prompt_injections.baseline",
        "hashed_secret": "55082bbedfaca291781778a3caf224fc43403781",
        "is_verified": false,
        "line_number": 195
      },
      {
        "type": "Hex High Entropy String",
        "filename": ".prompt_injections.baseline",
        "hashed_secret": "a43d8a64663056a234bc171840129fb235e009b9",
        "is_verified": false,
        "line_number": 199
      },
      {
        "type": "Hex High Entropy String",
        "filename": ".prompt_injections.baseline",
        "hashed_secret": "486915902b86e63ed61530ee4638a981d478e97b",
        "is_verified": false,
        "line_number": 203
      },
      {
        "type": "Hex High Entropy String",
        "filename": ".prompt_injections.baseline",
        "hashed_secret": "44ea19657e33e8c9c5c625270ce7a2c0fe8c7096",
        "is_verified": false,
        "line_number": 207
      },
      {
        "type": "Hex High Entropy String",
        "filename": ".prompt_injections.baseline",
        "hashed_secret": "879afe3908ecf7a7fc732701901d46a73edfc315",
        "is_verified": false,
        "line_number": 211
      },
      {
        "type": "Hex High Entropy String",
        "filename": ".prompt_injections.baseline",
        "hashed_secret": "f1e606e1739886d3f571cdb14837592f38ce0dcb",
        "is_verified": false,
        "line_number": 215
      },
      {
        "type": "Hex High Entropy String",
        "filename": ".prompt_injections.baseline",
        "hashed_secret": "6eb10f4c863221f6d4c0f6e745fb85bf5b842493",
        "is_verified": false,
        "line_number": 219
      },
      {
        "type": "Hex High Entropy String",
        "filename": ".prompt_injections.baseline",
        "hashed_secret": "dc51502f8b2794e1eea688ca3e1065d7b4a22969",
        "is_verified": false,
        "line_number": 223
      },
      {
        "type": "Hex High Entropy String",
        "filename": ".prompt_injections.baseline",
        "hashed_secret": "a5a3c70745d1377e0d398fa4ba0e0cea173c20ca",
        "is_verified": false,
        "line_number": 227
      },
      {
        "type": "Hex High Entropy String",
        "filename": ".prompt_injections.baseline",
        "hashed_secret": "6939abb18d122e98e423b5e9fe1498c7b0917b27",
        "is_verified": false,
        "line_number": 231
      },
      {
        "type": "Hex High Entropy String",
        "filename": ".prompt_injections.baseline",
        "hashed_secret": "f29c37be24afa2d0c7aac309bcea0accad087fd2",
        "is_verified": false,
        "line_number": 235
      },
      {
        "type": "Hex High Entropy String",
        "filename": ".prompt_injections.baseline",
        "hashed_secret": "729a17bb6d0b56fe954625d3350e59c993dff97a",
        "is_verified": false,
        "line_number": 239
      },
      {
        "type": "Hex High Entropy String",
        "filename": ".prompt_injections.baseline",
        "hashed_secret": "b7bc3a09302833bf3ddeb431cae2e4c3aae4bb9f",
        "is_verified": false,
        "line_number": 243
      },
      {
        "type": "Hex High Entropy String",
        "filename": ".prompt_injections.baseline",
        "hashed_secret": "d5f6f140cc924d7b21033a88df54d4b7da53f2d2",
        "is_verified": false,
        "line_number": 247
      },
      {
        "type": "Hex High Entropy String",
        "filename": ".prompt_injections.baseline",
        "hashed_secret": "2f641f3a2445ea034dacb9428bded3024aaf09ac",
        "is_verified": false,
        "line_number": 251
      },
      {
        "type": "Hex High Entropy String",
        "filename": ".prompt_injections.baseline",
        "hashed_secret": "831cff0c8500713ef590c7fcbf179fd218687f77",
        "is_verified": false,
        "line_number": 255
      },
      {
        "type": "Hex High Entropy String",
        "filename": ".prompt_injections.baseline",
        "hashed_secret": "c2ad2268c681d3f75781708e0256cccc9e48b38d",
        "is_verified": false,
        "line_number": 259
      },
      {
        "type": "Hex High Entropy String",
        "filename": ".prompt_injections.baseline",
        "hashed_secret": "91a0b9e11074af2fc71ac4acf822c965a4589a56",
        "is_verified": false,
        "line_number": 265
      },
      {
        "type": "Hex High Entropy String",
        "filename": ".prompt_injections.baseline",
        "hashed_secret": "97737cc912b9362386d3383de9f5a82b832e0453",
        "is_verified": false,
        "line_number": 271
      },
      {
        "type": "Hex High Entropy String",
        "filename": ".prompt_injections.baseline",
        "hashed_secret": "301687351694237c7b1bf8459165dd1de7657002",
        "is_verified": false,
        "line_number": 277
      },
      {
        "type": "Hex High Entropy String",
        "filename": ".prompt_injections.baseline",
        "hashed_secret": "24223982b84d6cd041b35144a33f11e554241477",
        "is_verified": false,
        "line_number": 283
      },
      {
        "type": "Hex High Entropy String",
        "filename": ".prompt_injections.baseline",
        "hashed_secret": "9a5b268e3d45644816bc6d1ae1d29f2b4858070f",
        "is_verified": false,
        "line_number": 289
      },
      {
        "type": "Hex High Entropy String",
        "filename": ".prompt_injections.baseline",
        "hashed_secret": "3ab885b9e5236cb6d4fbde4336dc57fe4bf54a8e",
        "is_verified": false,
        "line_number": 295
      },
      {
        "type": "Hex High Entropy String",
        "filename": ".prompt_injections.baseline",
        "hashed_secret": "f00d1894367c8caa3c2a67f8fb89b8670678598a",
        "is_verified": false,
        "line_number": 299
      },
      {
        "type": "Hex High Entropy String",
        "filename": ".prompt_injections.baseline",
        "hashed_secret": "d4573e698249a221066b7e726812b1569f2c1c6f",
        "is_verified": false,
        "line_number": 303
      },
      {
        "type": "Hex High Entropy String",
        "filename": ".prompt_injections.baseline",
        "hashed_secret": "8e41931543b4099159b328ff0c405fdc7277ba8c",
        "is_verified": false,
        "line_number": 309
      },
      {
        "type": "Hex High Entropy String",
        "filename": ".prompt_injections.baseline",
        "hashed_secret": "888ae9b366c263baf5d6abf4717573f9d8a850cb",
        "is_verified": false,
        "line_number": 313
      },
      {
        "type": "Hex High Entropy String",
        "filename": ".prompt_injections.baseline",
        "hashed_secret": "d62d5856b7c3fc5068433142a49a80f6ed852131",
        "is_verified": false,
        "line_number": 319
      },
      {
        "type": "Hex High Entropy String",
        "filename": ".prompt_injections.baseline",
        "hashed_secret": "c3fa5474d0d7f9c04f59df5c84e95941ed1d1e30",
        "is_verified": false,
        "line_number": 323
      },
      {
        "type": "Hex High Entropy String",
        "filename": ".prompt_injections.baseline",
        "hashed_secret": "a713bd98468e97efd6bc22c587383eaa0f793ec6",
        "is_verified": false,
        "line_number": 327
      },
      {
        "type": "Hex High Entropy String",
        "filename": ".prompt_injections.baseline",
        "hashed_secret": "005d28259ef56facbc865e2e532cdde3d409308b",
        "is_verified": false,
        "line_number": 331
      },
      {
        "type": "Hex High Entropy String",
        "filename": ".prompt_injections.baseline",
        "hashed_secret": "9f27d151fc84e8d0979c9bb1319c2169de7b3483",
        "is_verified": false,
        "line_number": 335
      },
      {
        "type": "Hex High Entropy String",
        "filename": ".prompt_injections.baseline",
        "hashed_secret": "05bf03605d79dc2f855a0d6ec08f1adfda54fe26",
        "is_verified": false,
        "line_number": 339
      },
      {
        "type": "Hex High Entropy String",
        "filename": ".prompt_injections.baseline",
        "hashed_secret": "943ef76dea42597920f529905ff445c0040b1ecd",
        "is_verified": false,
        "line_number": 343
      },
      {
        "type": "Hex High Entropy String",
        "filename": ".prompt_injections.baseline",
        "hashed_secret": "47c3ee616f48c50f089d2e63070e2538e029ba1c",
        "is_verified": false,
        "line_number": 347
      },
      {
        "type": "Hex High Entropy String",
        "filename": ".prompt_injections.baseline",
        "hashed_secret": "00a463a399a1ddfd3ad087a74f9fb44560d7f742",
        "is_verified": false,
        "line_number": 353
      },
      {
        "type": "Hex High Entropy String",
        "filename": ".prompt_injections.baseline",
        "hashed_secret": "04615e634324ce20a79459a9d698e41d8751425a",
        "is_verified": false,
        "line_number": 359
      }
    ],
    "INSTALL.md": [
      {
        "type": "Secret Keyword",
        "filename": "INSTALL.md",
        "hashed_secret": "2e1f9f57a64c27ef5332c1d1069ba318e1359dc9",
        "is_verified": false,
        "line_number": 264
      }
    ],
    "README.md": [
      {
        "type": "Secret Keyword",
        "filename": "README.md",
        "hashed_secret": "2e1f9f57a64c27ef5332c1d1069ba318e1359dc9",
        "is_verified": false,
        "line_number": 83
      },
      {
        "type": "Secret Keyword",
        "filename": "README.md",
        "hashed_secret": "c5cf2becfc840205fa74c511f68df07b548390de",
        "is_verified": false,
        "line_number": 565
      },
      {
        "type": "Secret Keyword",
        "filename": "README.md",
        "hashed_secret": "9ad19750930e5cf133e024641c00daf5fc90c700",
        "is_verified": false,
        "line_number": 776
      }
    ],
    "SECURITY_GUIDELINES.md": [
      {
        "type": "Secret Keyword",
        "filename": "SECURITY_GUIDELINES.md",
        "hashed_secret": "cf4a956e75901c220c0f5fbaec41987fc6177345",
        "is_verified": false,
        "line_number": 33
      },
      {
        "type": "Secret Keyword",
        "filename": "SECURITY_GUIDELINES.md",
        "hashed_secret": "62735e2abdbeeabad1d67a6d41b57852a4a1f70c",
        "is_verified": false,
        "line_number": 330
      }
    ],
    "deploy/Validation-Helpers.psm1": [
      {
        "type": "Base64 High Entropy String",
        "filename": "deploy/Validation-Helpers.psm1",
        "hashed_secret": "b173ce3ab26e49197a0a2c968ae03937ead2c080",
        "is_verified": false,
        "line_number": 129
      }
    ],
    "reference/Enriched Citations.txt": [
      {
        "type": "Hex High Entropy String",
        "filename": "reference/Enriched Citations.txt",
        "hashed_secret": "f01377c4f56fd449266523b8029eca7aa9b37a00",
        "is_verified": false,
        "line_number": 85
      },
      {
        "type": "Hex High Entropy String",
        "filename": "reference/Enriched Citations.txt",
        "hashed_secret": "0884dad0e08814635cb7f55ec836ba930a025bd1",
        "is_verified": false,
        "line_number": 111
      },
      {
        "type": "Hex High Entropy String",
        "filename": "reference/Enriched Citations.txt",
        "hashed_secret": "c13b11de6d965e5a1f604f9020967c092b04eae7",
        "is_verified": false,
        "line_number": 135
      }
    ],
    "reference/Office Action Citations.txt": [
      {
        "type": "Hex High Entropy String",
        "filename": "reference/Office Action Citations.txt",
        "hashed_secret": "1d1bb06eb98b94f15c098fb9bd2b4152d2ac7bcb",
        "is_verified": false,
        "line_number": 66
      },
      {
        "type": "Hex High Entropy String",
        "filename": "reference/Office Action Citations.txt",
        "hashed_secret": "28e4c23f31d679d508cc716cc4dc6ac6eb62418d",
        "is_verified": false,
        "line_number": 83
      }
    ],
    "reference/USPTO Enriched Citation API v3.md": [
      {
        "type": "Hex High Entropy String",
        "filename": "reference/USPTO Enriched Citation API v3.md",
        "hashed_secret": "f01377c4f56fd449266523b8029eca7aa9b37a00",
        "is_verified": false,
        "line_number": 113
      }
    ],
    "src/uspto_enriched_citation_mcp/tools/details.py": [
      {
        "type": "Hex High Entropy String",
        "filename": "src/uspto_enriched_citation_mcp/tools/details.py",
        "hashed_secret": "7fb889d45165d5d11e8a23a4d4b8850a3736ea36",
        "is_verified": false,
        "line_number": 16
      }
    ],
    "tests/README.md": [
      {
        "type": "Secret Keyword",
        "filename": "tests/README.md",
        "hashed_secret": "cf4a956e75901c220c0f5fbaec41987fc6177345",
        "is_verified": false,
        "line_number": 131
      }
    ],
    "tests/test_auth_provider.py": [
      {
        "type": "Secret Keyword",
        "filename": "tests/test_auth_provider.py",
        "hashed_secret": "ac76baa2fc26ee51c161d710eef11a233ed88e34",
        "is_verified": false,
        "line_number": 99
      },
      {
        "type": "Secret Keyword",
        "filename": "tests/test_auth_provider.py",
        "hashed_secret": "3c70fa2a49fced5064d3be96527a46b85e39ac4e",
        "is_verified": false,
        "line_number": 101
      },
      {
        "type": "Secret Keyword",
        "filename": "tests/test_auth_provider.py",
        "hashed_secret": "a0f4ea7d91495df92bbac2e2149dfb850fe81396",
        "is_verified": false,
        "line_number": 175
      }
    ],
    "tests/test_enhanced_examiner_prompt_template.py": [
      {
        "type": "Hex High Entropy String",
        "filename": "tests/test_enhanced_examiner_prompt_template.py",
        "hashed_secret": "a2cf134a9ca13cc1cd2507f55a3e7698e6379ca9",
        "is_verified": false,
        "line_number": 50
      },
      {
        "type": "Hex High Entropy String",
        "filename": "tests/test_enhanced_examiner_prompt_template.py",
        "hashed_secret": "a9919b5936bb8fbcb3235e22d6ab8cdaa00f5ae6",
        "is_verified": false,
        "line_number": 51
      },
      {
        "type": "Hex High Entropy String",
        "filename": "tests/test_enhanced_examiner_prompt_template.py",
        "hashed_secret": "4681486845c6dabd0b09ee633035c0a34a4487fd",
        "is_verified": false,
        "line_number": 52
      }
    ],
    "tests/test_injection_scan.py": [
      {
        "type": "Hex High Entropy String",
        "filename": "tests/test_injection_scan.py",
        "hashed_secret": "7fb889d45165d5d11e8a23a4d4b8850a3736ea36",
        "is_verified": false,
        "line_number": 56
      }
    ],
    "tests/test_logging.py": [
      {
        "type": "Base64 High Entropy String",
        "filename": "tests/test_logging.py",
        "hashed_secret": "ba81d4b3a90d5b8a3866167b281028af3bf5b0e0",
        "is_verified": false,
        "line_number": 51
      },
      {
        "type": "Secret Keyword",
        "filename": "tests/test_logging.py",
        "hashed_secret": "ba81d4b3a90d5b8a3866167b281028af3bf5b0e0",
        "is_verified": false,
        "line_number": 51
      },
      {
        "type": "Secret Keyword",
        "filename": "tests/test_logging.py",
        "hashed_secret": "ee56b290d519d28ebc73b34b5c3b72983377af81",
        "is_verified": false,
        "line_number": 161
      },
      {
        "type": "Base64 High Entropy String",
        "filename": "tests/test_logging.py",
        "hashed_secret": "8a58a70ab3646ff00b7aeba5d7c660d0657405c1",
        "is_verified": false,
        "line_number": 175
      }
    ],
    "tests/test_medium_security_fixes.py": [
      {
        "type": "Secret Keyword",
        "filename": "tests/test_medium_security_fixes.py",
        "hashed_secret": "7afef51fe9f3927b67672aa639ad5d326ca3fb79",
        "is_verified": false,
        "line_number": 324
      },
      {
        "type": "Secret Keyword",
        "filename": "tests/test_medium_security_fixes.py",
        "hashed_secret": "7fc2566c33a388c74902f9e207985763a2c4b34b",
        "is_verified": false,
        "line_number": 355
      }
    ],
    "tests/test_oa_citations_client.py": [
      {
        "type": "Secret Keyword",
        "filename": "tests/test_oa_citations_client.py",
        "hashed_secret": "53b1c55f754fcda5180773374ee2a35baf62bfff",
        "is_verified": false,
        "line_number": 60
      }
    ],
    "tests/test_patent_crosswalk.py": [
      {
        "type": "Hex High Entropy String",
        "filename": "tests/test_patent_crosswalk.py",
        "hashed_secret": "7fb889d45165d5d11e8a23a4d4b8850a3736ea36",
        "is_verified": false,
        "line_number": 50
      }
    ],
    "tests/test_resilience_fixes.py": [
      {
        "type": "Hex High Entropy String",
        "filename": "tests/test_resilience_fixes.py",
        "hashed_secret": "7fb889d45165d5d11e8a23a4d4b8850a3736ea36",
        "is_verified": false,
        "line_number": 358
      }
    ],
    "tests/test_tier_parity.py": [
      {
        "type": "Hex High Entropy String",
        "filename": "tests/test_tier_parity.py",
        "hashed_secret": "7fb889d45165d5d11e8a23a4d4b8850a3736ea36",
        "is_verified": false,
        "line_number": 35
      }
    ],
    "tests/test_tool_functions.py": [
      {
        "type": "Hex High Entropy String",
        "filename": "tests/test_tool_functions.py",
        "hashed_secret": "7fb889d45165d5d11e8a23a4d4b8850a3736ea36",
        "is_verified": false,
        "line_number": 38
      },
      {
        "type": "Secret Keyword",
        "filename": "tests/test_tool_functions.py",
        "hashed_secret": "c1006333a80c278f7a11ddc3857bbbd753281e36",
        "is_verified": false,
        "line_number": 406
      }
    ]
  },
  "generated_at": "2026-09-03T19:31:26Z"
}
